# oom-tui bundled sample - a realistic host-wide OOM on an 8 GiB laptop.
#   oom-tui --demo                       (embedded in the binary)
#   oom-tui --file examples/sample-oom.log
# The kernel kills a 1.7 GiB Chrome tab, but python3 (4.9 GiB) was the
# real memory hog - oom-tui flags the mismatch. Names/PIDs are fictional.
[Wed Aug  5 09:14:21 2026] python3 invoked oom-killer: gfp_mask=0x140dca(GFP_HIGHUSER_MOVABLE|__GFP_COMP|__GFP_ZERO), order=0, oom_score_adj=0
[Wed Aug  5 09:14:21 2026] CPU: 3 PID: 8842 Comm: python3 Not tainted 6.8.0-40-generic #40-Ubuntu
[Wed Aug  5 09:14:21 2026] Call Trace:
[Wed Aug  5 09:14:21 2026]  dump_stack_lvl+0x48/0x70
[Wed Aug  5 09:14:21 2026]  out_of_memory+0x270/0x560
[Wed Aug  5 09:14:21 2026] Mem-Info:
[Wed Aug  5 09:14:21 2026] active_anon:1863402 inactive_anon:198104 isolated_anon:0
[Wed Aug  5 09:14:21 2026]  active_file:412 inactive_file:930 unevictable:8231
[Wed Aug  5 09:14:21 2026] Total swap = 2097148kB
[Wed Aug  5 09:14:21 2026] Free swap  = 0kB
[Wed Aug  5 09:14:21 2026] 2097152 pages RAM
[Wed Aug  5 09:14:21 2026] 54873 pages reserved
[Wed Aug  5 09:14:21 2026] Tasks state (memory values in pages):
[Wed Aug  5 09:14:21 2026] [  pid  ]   uid  tgid total_vm      rss pgtables_bytes swapents oom_score_adj name
[Wed Aug  5 09:14:21 2026] [      1]     0     1    45836     3072    114688    512      0 systemd
[Wed Aug  5 09:14:21 2026] [    412]     0   412    59456    10240    172032    512   -250 systemd-journal
[Wed Aug  5 09:14:21 2026] [    720]     0   720    57510     9216    163840    512      0 NetworkManager
[Wed Aug  5 09:14:21 2026] [   1240]  1000  1240    51673     6144    139264    512      0 pipewire
[Wed Aug  5 09:14:21 2026] [   1350]  1000  1350   502080   243200   2035712   8192      0 gnome-shell
[Wed Aug  5 09:14:21 2026] [   1802]  1000  1802   156736    61440    581632    512      0 Xwayland
[Wed Aug  5 09:14:21 2026] [   3520]  1000  3520   380480   179200   1523712   8192    200 code
[Wed Aug  5 09:14:21 2026] [   3540]  1000  3540   643136   317440   2629632   8192    200 code
[Wed Aug  5 09:14:21 2026] [   4001]  1000  4001   438848   209920   1769472   8192    300 slack
[Wed Aug  5 09:14:21 2026] [   4530]  1000  4530   292928   133120   1155072   8192      0 node
[Wed Aug  5 09:14:21 2026] [   5188]  1000  5188   341568   158720   1359872   8192    200 chrome
[Wed Aug  5 09:14:21 2026] [   5210]  1000  5210   857152   430080   3530752   8192    300 chrome
[Wed Aug  5 09:14:21 2026] [   5240]  1000  5240   302656   138240   1196032   8192    300 chrome
[Wed Aug  5 09:14:21 2026] [   8842]  1000  8842  2423360  1254400  10125312   8192      0 python3
[Wed Aug  5 09:14:21 2026] oom-kill:constraint=CONSTRAINT_NONE,nodemask=(null),cpuset=/,mems_allowed=0,global_oom,task_memcg=/user.slice/user-1000.slice/user@1000.service/app.slice/app-org.chromium.Chromium.slice,task=chrome,pid=5210,uid=1000
[Wed Aug  5 09:14:21 2026] Out of memory: Killed process 5210 (chrome) total-vm:4823192kB, anon-rss:1719296kB, file-rss:20480kB, shmem-rss:8192kB, UID:1000 pgtables:4096kB oom_score_adj:300
[Wed Aug  5 09:14:21 2026] oom_reaper: reaped process 5210 (chrome), now anon-rss:0kB, file-rss:0kB, shmem-rss:0kB
